app/(tabs)/orders.tsx(83,43): error TS2769: No overload matches this call.
  Overload 1 of 2, '(props: ViewProps): View', gave the following error.
    Type '{ flex: number; backgroundColor: string; } | { fontSize: number; fontWeight: "bold"; color: string; padding: number; } | { backgroundColor: string; marginHorizontal: number; marginVertical: number; padding: number; borderRadius: number; borderWidth: number; borderColor: string; } | ... 27 more ... | { ...; }' is not assignable to type 'Falsy | ViewStyle | RegisteredStyle<ViewStyle> | RecursiveArray<Falsy | ViewStyle | RegisteredStyle<ViewStyle>> | readonly (Falsy | ... 1 more ... | RegisteredStyle<...>)[]'.
      Type '{ fontSize: number; fontWeight: "bold"; }' is not assignable to type 'Falsy | ViewStyle | RegisteredStyle<ViewStyle> | RecursiveArray<Falsy | ViewStyle | RegisteredStyle<ViewStyle>> | readonly (Falsy | ... 1 more ... | RegisteredStyle<...>)[]'.
  Overload 2 of 2, '(props: ViewProps, context: any): View', gave the following error.
    Type '{ flex: number; backgroundColor: string; } | { fontSize: number; fontWeight: "bold"; color: string; padding: number; } | { backgroundColor: string; marginHorizontal: number; marginVertical: number; padding: number; borderRadius: number; borderWidth: number; borderColor: string; } | ... 27 more ... | { ...; }' is not assignable to type 'Falsy | ViewStyle | RegisteredStyle<ViewStyle> | RecursiveArray<Falsy | ViewStyle | RegisteredStyle<ViewStyle>> | readonly (Falsy | ... 1 more ... | RegisteredStyle<...>)[]'.
      Type '{ fontSize: number; fontWeight: "bold"; }' is not assignable to type 'Falsy | ViewStyle | RegisteredStyle<ViewStyle> | RecursiveArray<Falsy | ViewStyle | RegisteredStyle<ViewStyle>> | readonly (Falsy | ... 1 more ... | RegisteredStyle<...>)[]'.
